 KRNL32

 Timestamp is 557320f3 (Sat Jun 06 10:33:55 2015)

 Preferred load address is c0000000

 Start         Length     Name                   Class
 0001:00000000 000012a1H .text                   CODE
 0002:00000000 00000549H .rdata                  DATA
 0003:00000000 00000004H .CRT$XCA                DATA
 0003:00000004 00000004H .CRT$XCZ                DATA
 0003:00000008 00000030H .data                   DATA
 0003:00000038 0000087eH .bss                    DATA
 0004:00000000 00000058H .rsrc$01                DATA
 0004:00000060 000003c0H .rsrc$02                DATA

  Address         Publics by Value              Rva+Base       Lib:Object

 0000:00000000       ___safe_se_handler_count   00000000     <absolute>
 0000:00000000       ___safe_se_handler_table   00000000     <absolute>
 0001:00000000       ?kernel_entry@@YAXPAUmultiboot_info@@@Z c0000400 f   entry.obj
 0001:00000040       ?kmain@@YAHPAUmultiboot_info@@@Z c0000440 f   main.obj
 0001:00000210       ?DebugClrScr@@YAXE@Z       c0000610 f   DebugDisplay.obj
 0001:00000260       ?DebugGotoXY@@YAXII@Z      c0000660 f   DebugDisplay.obj
 0001:000002a0       ?DebugPrintf@@YAHPBDZZ     c00006a0 f   DebugDisplay.obj
 0001:000004f0       ?DebugPutc@@YAXE@Z         c00008f0 f   DebugDisplay.obj
 0001:00000590       ?DebugPuts@@YAXPAD@Z       c0000990 f   DebugDisplay.obj
 0001:00000660       ?DebugSetColor@@YAII@Z     c0000a60 f   DebugDisplay.obj
 0001:00000680       ?alignment_check_fault@@YAXIIII@Z c0000a80 f   exception.obj
 0001:000006a0       ?bounds_check_fault@@YAXIII@Z c0000aa0 f   exception.obj
 0001:000006c0       ?breakpoint_trap@@YAXIII@Z c0000ac0 f   exception.obj
 0001:000006e0       ?divide_by_zero_fault@@YAXIIII@Z c0000ae0 f   exception.obj
 0001:00000710       ?double_fault_abort@@YAXIIII@Z c0000b10 f   exception.obj
 0001:00000730       ?fpu_fault@@YAXIII@Z       c0000b30 f   exception.obj
 0001:00000750       ?general_protection_fault@@YAXIIII@Z c0000b50 f   exception.obj
 0001:00000770       ?invalid_opcode_fault@@YAXIII@Z c0000b70 f   exception.obj
 0001:00000790       ?invalid_tss_fault@@YAXIIII@Z c0000b90 f   exception.obj
 0001:000007b0       ?machine_check_abort@@YAXIII@Z c0000bb0 f   exception.obj
 0001:000007d0       ?nmi_trap@@YAXIII@Z        c0000bd0 f   exception.obj
 0001:000007f0       ?no_device_fault@@YAXIII@Z c0000bf0 f   exception.obj
 0001:00000810       ?no_segment_fault@@YAXIIII@Z c0000c10 f   exception.obj
 0001:00000830       ?overflow_trap@@YAXIII@Z   c0000c30 f   exception.obj
 0001:00000850       ?page_fault@@YAXIIII@Z     c0000c50 f   exception.obj
 0001:00000870       ?simd_fpu_fault@@YAXIII@Z  c0000c70 f   exception.obj
 0001:00000890       ?single_step_trap@@YAXIII@Z c0000c90 f   exception.obj
 0001:000008b0       ?stack_fault@@YAXIIII@Z    c0000cb0 f   exception.obj
 0001:000008d0       ?mmap_first_free@@YAHXZ    c0000cd0 f   mmngr_phys.obj
 0001:00000920       ?mmap_first_free_s@@YAHI@Z c0000d20 f   mmngr_phys.obj
 0001:00000a30       ?pmmngr_alloc_block@@YAPAXXZ c0000e30 f   mmngr_phys.obj
 0001:00000a90       ?pmmngr_alloc_blocks@@YAPAXI@Z c0000e90 f   mmngr_phys.obj
 0001:00000b20       ?pmmngr_deinit_region@@YAXII@Z c0000f20 f   mmngr_phys.obj
 0001:00000b80       ?pmmngr_get_block_count@@YAIXZ c0000f80 f   mmngr_phys.obj
 0001:00000b90       ?pmmngr_get_block_size@@YAIXZ c0000f90 f   mmngr_phys.obj
 0001:00000ba0       ?pmmngr_init@@YAXII@Z      c0000fa0 f   mmngr_phys.obj
 0001:00000bf0       ?pmmngr_init_region@@YAXII@Z c0000ff0 f   mmngr_phys.obj
 0001:00000c60       ?pmmngr_load_PDBR@@YAXI@Z  c0001060 f   mmngr_phys.obj
 0001:00000c70       ?pmmngr_paging_enable@@YAX_N@Z c0001070 f   mmngr_phys.obj
 0001:00000ca0       ?vmmngr_initialize@@YAXXZ  c00010a0 f   mmngr_virtual.obj
 0001:00000de0       ?kernel_panic@@YAXPBDZZ    c00011e0 f   panic.obj
 0001:00000e30       ?pt_entry_add_attrib@@YAXPAII@Z c0001230 f i vmmngr_pte.obj
 0001:00000e30       ?pd_entry_add_attrib@@YAXPAII@Z c0001230 f i vmmngr_pde.obj
 0001:00000e40       ?pt_entry_set_frame@@YAXPAII@Z c0001240 f i vmmngr_pte.obj
 0001:00000e40       ?pd_entry_set_frame@@YAXPAII@Z c0001240 f i vmmngr_pde.obj
 0001:00000e60       ?Exit@@YAXXZ               c0001260 f   Lib:cstd.obj
 0001:00000ea0       ?InitializeConstructors@@YAXXZ c00012a0 f   Lib:cstd.obj
 0001:00000ee0       ?memset@@YAPAXPAXDI@Z      c00012e0 f   Lib:string.obj
 0001:00000f00       ?strcpy@@YAPADPADPBD@Z     c0001300 f   Lib:string.obj
 0001:00000f20       ?strlen@@YAIPBD@Z          c0001320 f   Lib:string.obj
 0001:00000f30       ?disable@@YAXXZ            c0001330 f   Hal:Hal.obj
 0001:00000f40       ?enable@@YAXXZ             c0001340 f   Hal:Hal.obj
 0001:00000f50       ?hal_initialize@@YAHXZ     c0001350 f   Hal:Hal.obj
 0001:00000f80       ?interruptdone@@YAXI@Z     c0001380 f i Hal:Hal.obj
 0001:00000fb0       ?outportb@@YAXGE@Z         c00013b0 f   Hal:Hal.obj
 0001:00000fc0       ?setvect@@YAXHA6AXXZ@Z     c00013c0 f   Hal:Hal.obj
 0001:00000fe0       ?i86_cpu_initialize@@YAHXZ c00013e0 f   Hal:cpu.obj
 0001:00001000       ?i86_pic_initialize@@YAXEE@Z c0001400 f   Hal:pic.obj
 0001:00001070       ?i86_pic_send_command@@YAXEE@Z c0001470 f i Hal:pic.obj
 0001:000010a0       ?i86_pit_initialize@@YAXXZ c00014a0 f   Hal:pit.obj
 0001:000010c0       ?i86_pit_irq@@YAXXZ        c00014c0 f   Hal:pit.obj
 0001:000010e0       ?i86_pit_start_counter@@YAXIEE@Z c00014e0 f   Hal:pit.obj
 0001:00001140       ?i86_idt_initialize@@YAHG@Z c0001540 f   Hal:idt.obj
 0001:000011d0       ?i86_install_ir@@YAHIGGP6AXXZ@Z c00015d0 f   Hal:idt.obj
 0001:00001220       ?i86_gdt_initialize@@YAHXZ c0001620 f   Hal:gdt.obj
 0003:00000000       ?__xc_a@@3PAP6AXXZA        c0001e00     Lib:cstd.obj
 0003:00000004       ?__xc_z@@3PAP6AXXZA        c0001e04     Lib:cstd.obj
 0003:00000008       ?strMemoryTypes@@3PAPADA   c0001e08     main.obj
 0003:00000018       ?video_memory@@3PAGA       c0001e18     DebugDisplay.obj
 0003:0000001c       ?bchars@@3PADA             c0001e1c     DebugDisplay.obj
 0003:00000034       __fltused                  c0001e34     Lib:cstd.obj
 0003:00000038       ?kernelSize@@3IA           c0001e38     main.obj
 0003:0000003c       ?size@@3IA                 c0001e3c     main.obj
 0003:00000040       ?cursor_x@@3EA             c0001e40     DebugDisplay.obj
 0003:00000041       ?cursor_y@@3EA             c0001e41     DebugDisplay.obj
 0003:00000042       ?_color@@3EA               c0001e42     DebugDisplay.obj
 0003:00000044       ?tbuf@@3PADA               c0001e44     DebugDisplay.obj
 0003:00000074       ?_cur_directory@@3PAUpdirectory@@A c0001e74     mmngr_virtual.obj
 0003:00000078       ?_cur_pdbr@@3IA            c0001e78     mmngr_virtual.obj

 entry point at        0000:00000000

 Static symbols

 0001:000004b4       $LN72                      c00008b4     DebugDisplay.obj
 0001:000004c8       $LN65                      c00008c8     DebugDisplay.obj
 0001:00001130       ?i86_default_handler@@YAXXZ c0001530 f   Hal:idt.obj
 0002:00000000       $SG2635                    c0001800     entry.obj
 0002:00000038       $SG2885                    c0001838     main.obj
 0002:00000044       $SG2886                    c0001844     main.obj
 0002:00000050       $SG2887                    c0001850     main.obj
 0002:00000060       $SG2888                    c0001860     main.obj
 0002:00000070       $SG2894                    c0001870     main.obj
 0002:00000094       $SG2931                    c0001894     main.obj
 0002:000000b0       $SG2940                    c00018b0     main.obj
 0002:000000f0       $SG2941                    c00018f0     main.obj
 0002:00000138       $SG2697                    c0001938     exception.obj
 0002:00000180       $SG2706                    c0001980     exception.obj
 0002:0000018c       $SG2715                    c000198c     exception.obj
 0002:00000198       $SG2724                    c0001998     exception.obj
 0002:000001a8       $SG2733                    c00019a8     exception.obj
 0002:000001b8       $SG2742                    c00019b8     exception.obj
 0002:000001cc       $SG2751                    c00019cc     exception.obj
 0002:000001dc       $SG2760                    c00019dc     exception.obj
 0002:000001f0       $SG2770                    c00019f0     exception.obj
 0002:00000200       $SG2780                    c0001a00     exception.obj
 0002:0000020c       $SG2790                    c0001a0c     exception.obj
 0002:0000021c       $SG2800                    c0001a1c     exception.obj
 0002:00000228       $SG2810                    c0001a28     exception.obj
 0002:00000244       $SG2825                    c0001a44     exception.obj
 0002:00000250       $SG2835                    c0001a50     exception.obj
 0002:00000260       $SG2844                    c0001a60     exception.obj
 0002:00000270       $SG2853                    c0001a70     exception.obj
 0002:00000280       $SG2643                    c0001a80     panic.obj
 0002:00000418       $SG2654                    c0001c18     panic.obj
 0002:0000053c       $SG2655                    c0001d3c     panic.obj
 0003:0000002c       _sickpc                    c0001e2c     panic.obj
 0003:00000030       _max_atexitlist_entries    c0001e30     Lib:cstd.obj
 0003:00000064       __mmngr_memory_size        c0001e64     mmngr_phys.obj
 0003:00000068       __mmngr_used_blocks        c0001e68     mmngr_phys.obj
 0003:0000006c       __mmngr_max_blocks         c0001e6c     mmngr_phys.obj
 0003:00000070       __mmngr_memory_map         c0001e70     mmngr_phys.obj
 0003:0000007c       _pf_atexitlist             c0001e7c     Lib:cstd.obj
 0003:00000080       _cur_atexitlist_entries    c0001e80     Lib:cstd.obj
 0003:00000084       __pit_ticks                c0001e84     Hal:pit.obj
 0003:00000088       __pit_bIsInit              c0001e88     Hal:pit.obj
 0003:00000090       __idt                      c0001e90     Hal:idt.obj
 0003:00000890       __idtr                     c0002690     Hal:idt.obj
 0003:00000898       __gdt                      c0002698     Hal:gdt.obj
 0003:000008b0       __gdtr                     c00026b0     Hal:gdt.obj
 0004:00000060       $R000000                   c0002860     Resource.res
