 KRNL32

 Timestamp is 55858af9 (Sat Jun 20 09:47:05 2015)

 Preferred load address is c0000000

 Start         Length     Name                   Class
 0001:00000000 00003278H .text                   CODE
 0002:00000000 0000072aH .rdata                  DATA
 0003:00000000 00000004H .CRT$XCA                DATA
 0003:00000004 00000004H .CRT$XCZ                DATA
 0003:00000008 0000016cH .data                   DATA
 0003:00000178 00000d56H .bss                    DATA
 0004:00000000 00000058H .rsrc$01                DATA
 0004:00000060 000003c0H .rsrc$02                DATA

  Address         Publics by Value              Rva+Base       Lib:Object

 0000:00000000       ___safe_se_handler_count   00000000     <absolute>
 0000:00000000       ___safe_se_handler_table   00000000     <absolute>
 0001:00000000       ?kernel_entry@@YAXPAUmultiboot_info@@@Z c0000400 f   entry.obj
 0001:00000040       ?cmd_read@@YAXXZ           c0000440 f   main.obj
 0001:00000160       ?get_cmd@@YAXPADH@Z        c0000560 f   main.obj
 0001:00000270       ?init@@YAXPAUmultiboot_info@@@Z c0000670 f   main.obj
 0001:00000400       ?kmain@@YAHPAUmultiboot_info@@@Z c0000800 f   main.obj
 0001:00000480       ?run_cmd@@YA_NPAD@Z        c0000880 f   main.obj
 0001:00000550       ?sleep@@YAXH@Z             c0000950 f   main.obj
 0001:00000580       ?DebugClrScr@@YAXE@Z       c0000980 f   DebugDisplay.obj
 0001:000005d0       ?DebugGetHorz@@YAHXZ       c00009d0 f   DebugDisplay.obj
 0001:000005e0       ?DebugGetXY@@YAXPAI0@Z     c00009e0 f   DebugDisplay.obj
 0001:00000610       ?DebugGotoXY@@YAXII@Z      c0000a10 f   DebugDisplay.obj
 0001:00000650       ?DebugPrintf@@YAHPBDZZ     c0000a50 f   DebugDisplay.obj
 0001:000008a0       ?DebugPutc@@YAXE@Z         c0000ca0 f   DebugDisplay.obj
 0001:00000940       ?DebugPuts@@YAXPAD@Z       c0000d40 f   DebugDisplay.obj
 0001:00000a20       ?DebugSetColor@@YAII@Z     c0000e20 f   DebugDisplay.obj
 0001:00000a40       ?scroll@@YAXXZ             c0000e40 f   DebugDisplay.obj
 0001:00000ab0       ?alignment_check_fault@@YAXIIII@Z c0000eb0 f   exception.obj
 0001:00000ad0       ?bounds_check_fault@@YAXIII@Z c0000ed0 f   exception.obj
 0001:00000af0       ?breakpoint_trap@@YAXIII@Z c0000ef0 f   exception.obj
 0001:00000b10       ?divide_by_zero_fault@@YAXIIII@Z c0000f10 f   exception.obj
 0001:00000b40       ?double_fault_abort@@YAXIIII@Z c0000f40 f   exception.obj
 0001:00000b60       ?fpu_fault@@YAXIII@Z       c0000f60 f   exception.obj
 0001:00000b80       ?general_protection_fault@@YAXIIII@Z c0000f80 f   exception.obj
 0001:00000ba0       ?invalid_opcode_fault@@YAXIII@Z c0000fa0 f   exception.obj
 0001:00000bc0       ?invalid_tss_fault@@YAXIIII@Z c0000fc0 f   exception.obj
 0001:00000be0       ?machine_check_abort@@YAXIII@Z c0000fe0 f   exception.obj
 0001:00000c00       ?nmi_trap@@YAXIII@Z        c0001000 f   exception.obj
 0001:00000c20       ?no_device_fault@@YAXIII@Z c0001020 f   exception.obj
 0001:00000c40       ?no_segment_fault@@YAXIIII@Z c0001040 f   exception.obj
 0001:00000c60       ?overflow_trap@@YAXIII@Z   c0001060 f   exception.obj
 0001:00000c80       ?page_fault@@YAXIIII@Z     c0001080 f   exception.obj
 0001:00000ca0       ?simd_fpu_fault@@YAXIII@Z  c00010a0 f   exception.obj
 0001:00000cc0       ?single_step_trap@@YAXIII@Z c00010c0 f   exception.obj
 0001:00000ce0       ?stack_fault@@YAXIIII@Z    c00010e0 f   exception.obj
 0001:00000d00       ?volOpenFile@@YA?AU_FILE@@PBD@Z c0001100 f   fsys.obj
 0001:00000d70       ?volReadFile@@YAXPAU_FILE@@PAEI@Z c0001170 f   fsys.obj
 0001:00000d90       ?volRegisterFileSystem@@YAXPAU_FILE_SYSTEM@@I@Z c0001190 f   fsys.obj
 0001:00000dc0       ?mmap_first_free@@YAHXZ    c00011c0 f   mmngr_phys.obj
 0001:00000e10       ?mmap_first_free_s@@YAHI@Z c0001210 f   mmngr_phys.obj
 0001:00000f10       ?pmmngr_alloc_block@@YAPAXXZ c0001310 f   mmngr_phys.obj
 0001:00000f70       ?pmmngr_alloc_blocks@@YAPAXI@Z c0001370 f   mmngr_phys.obj
 0001:00001000       ?pmmngr_deinit_region@@YAXII@Z c0001400 f   mmngr_phys.obj
 0001:00001060       ?pmmngr_init@@YAXII@Z      c0001460 f   mmngr_phys.obj
 0001:000010a0       ?pmmngr_init_region@@YAXII@Z c00014a0 f   mmngr_phys.obj
 0001:00001110       ?pmmngr_load_PDBR@@YAXI@Z  c0001510 f   mmngr_phys.obj
 0001:00001120       ?pmmngr_paging_enable@@YAX_N@Z c0001520 f   mmngr_phys.obj
 0001:00001150       ?vmmngr_initialize@@YAXXZ  c0001550 f   mmngr_virtual.obj
 0001:00001220       ?kernel_panic@@YAXPBDZZ    c0001620 f   panic.obj
 0001:00001270       ?pt_entry_add_attrib@@YAXPAII@Z c0001670 f i vmmngr_pte.obj
 0001:00001270       ?pd_entry_add_attrib@@YAXPAII@Z c0001670 f i vmmngr_pde.obj
 0001:00001280       ?pd_entry_set_frame@@YAXPAII@Z c0001680 f i vmmngr_pde.obj
 0001:00001280       ?pt_entry_set_frame@@YAXPAII@Z c0001680 f i vmmngr_pte.obj
 0001:000012a0       ?kkybrd_set_leds@@YAX_N00@Z c00016a0 f   keyboard:kybrd.obj
 0001:00001300       ?kkybrd_get_last_key@@YA?AW4KEYCODE@@XZ c0001700 f   keyboard:kybrd.obj
 0001:00001320       ?kkybrd_discard_last_key@@YAXXZ c0001720 f   keyboard:kybrd.obj
 0001:00001330       ?kkybrd_key_to_ascii@@YADW4KEYCODE@@@Z c0001730 f   keyboard:kybrd.obj
 0001:00001470       ?i86_kybrd_irq@@YAXXZ      c0001870 f   keyboard:kybrd.obj
 0001:00001650       ?kkybrd_install@@YAXH@Z    c0001a50 f   keyboard:kybrd.obj
 0001:000016d0       ?dma_initialize_floppy@@YA_NPAEI@Z c0001ad0 f   floppydisk:flpydsk.obj
 0001:00001760       ?flpydsk_read_status@@YAEXZ c0001b60 f   floppydisk:flpydsk.obj
 0001:00001770       ?flpydsk_write_dor@@YAXE@Z c0001b70 f   floppydisk:flpydsk.obj
 0001:00001790       ?flpydsk_send_command@@YAXE@Z c0001b90 f   floppydisk:flpydsk.obj
 0001:000017d0       ?flpydsk_read_data@@YAEXZ  c0001bd0 f   floppydisk:flpydsk.obj
 0001:00001810       ?flpydsk_write_ccr@@YAXE@Z c0001c10 f   floppydisk:flpydsk.obj
 0001:00001830       ?i86_flpy_irq@@YAXXZ       c0001c30 f   floppydisk:flpydsk.obj
 0001:00001850       ?flpydsk_check_int@@YAXPAI0@Z c0001c50 f   floppydisk:flpydsk.obj
 0001:00001880       ?flpydsk_control_motor@@YAX_N@Z c0001c80 f   floppydisk:flpydsk.obj
 0001:000018f0       ?flpydsk_drive_data@@YAXEEE_N@Z c0001cf0 f   floppydisk:flpydsk.obj
 0001:00001930       ?flpydsk_calibrate@@YAHE@Z c0001d30 f   floppydisk:flpydsk.obj
 0001:00001b00       ?flpydsk_disable_controller@@YAXXZ c0001f00 f   floppydisk:flpydsk.obj
 0001:00001b10       ?flpydsk_enable_controller@@YAXXZ c0001f10 f   floppydisk:flpydsk.obj
 0001:00001b20       ?flpydsk_reset@@YAXXZ      c0001f20 f   floppydisk:flpydsk.obj
 0001:00001cc0       ?flpydsk_read_sector_imp@@YAXEEE@Z c00020c0 f   floppydisk:flpydsk.obj
 0001:00001e30       ?flpydsk_seek@@YAHEE@Z     c0002230 f   floppydisk:flpydsk.obj
 0001:00001fc0       ?flpydsk_lba_to_chs@@YAXHPAH00@Z c00023c0 f   floppydisk:flpydsk.obj
 0001:00002030       ?flpydsk_install@@YAXH@Z   c0002430 f   floppydisk:flpydsk.obj
 0001:00002070       ?flpydsk_set_working_drive@@YAXE@Z c0002470 f   floppydisk:flpydsk.obj
 0001:00002080       ?flpydsk_get_working_drive@@YAEXZ c0002480 f   floppydisk:flpydsk.obj
 0001:00002090       ?flpydsk_read_sector@@YAPAEH@Z c0002490 f   floppydisk:flpydsk.obj
 0001:00002180       ?ToDosFileName@@YAXPBDPADI@Z c0002580 f   fat12:fat12.obj
 0001:000022a0       ?fsysFatDirectory@@YA?AU_FILE@@PBD@Z c00026a0 f   fat12:fat12.obj
 0001:00002370       ?fsysFatRead@@YAXPAU_FILE@@PAEI@Z c0002770 f   fat12:fat12.obj
 0001:00002430       ?fsysFatClose@@YAXPAU_FILE@@@Z c0002830 f   fat12:fat12.obj
 0001:00002440       ?fsysFatOpenSubDir@@YA?AU_FILE@@U1@PBD@Z c0002840 f   fat12:fat12.obj
 0001:00002530       ?fsysFatOpen@@YA?AU_FILE@@PBD@Z c0002930 f   fat12:fat12.obj
 0001:000026e0       ?fsysFatMount@@YAXXZ       c0002ae0 f   fat12:fat12.obj
 0001:00002750       ?fsysFatInitialize@@YAXXZ  c0002b50 f   fat12:fat12.obj
 0001:000027b0       ?Exit@@YAXXZ               c0002bb0 f   Lib:cstd.obj
 0001:000027f0       ?InitializeConstructors@@YAXXZ c0002bf0 f   Lib:cstd.obj
 0001:00002830       ?memcpy@@YAPAXPAXPBXI@Z    c0002c30 f   Lib:string.obj
 0001:00002860       ?memset@@YAPAXPAXDI@Z      c0002c60 f   Lib:string.obj
 0001:00002880       ?strchr@@YAPADPADH@Z       c0002c80 f   Lib:string.obj
 0001:000028b0       ?strcmp@@YAHPBD0@Z         c0002cb0 f   Lib:string.obj
 0001:00002900       ?strcpy@@YAPADPADPBD@Z     c0002d00 f   Lib:string.obj
 0001:00002920       ?strlen@@YAIPBD@Z          c0002d20 f   Lib:string.obj
 0001:00002930       ?hal_initialize@@YAHXZ     c0002d30 f   Hal:Hal.obj
 0001:00002960       ?hal_shutdown@@YAHXZ       c0002d60 f   Hal:Hal.obj
 0001:00002970       ?enable@@YAXXZ             c0002d70 f   Hal:Hal.obj
 0001:00002980       ?disable@@YAXXZ            c0002d80 f   Hal:Hal.obj
 0001:00002990       ?geninterrupt@@YAXH@Z      c0002d90 f   Hal:Hal.obj
 0001:000029b0       ?inportb@@YAEG@Z           c0002db0 f   Hal:Hal.obj
 0001:000029c0       ?outportb@@YAXGE@Z         c0002dc0 f   Hal:Hal.obj
 0001:000029d0       ?setvect@@YAXHA6AXXZ@Z     c0002dd0 f   Hal:Hal.obj
 0001:000029f0       ?getvect@@YAP6AXXZH@Z      c0002df0 f   Hal:Hal.obj
 0001:00002a10       ?sound@@YAXI@Z             c0002e10 f   Hal:Hal.obj
 0001:00002a30       ?get_cpu_vender@@YAPBDXZ   c0002e30 f   Hal:Hal.obj
 0001:00002a40       ?get_tick_count@@YAHXZ     c0002e40 f   Hal:Hal.obj
 0001:00002a50       ?interruptdone@@YAXI@Z     c0002e50 f i Hal:Hal.obj
 0001:00002a80       ?dma_set_mode@@YAXEE@Z     c0002e80 f   Hal:dma.obj
 0001:00002b00       ?dma_set_read@@YAXE@Z      c0002f00 f   Hal:dma.obj
 0001:00002b10       ?dma_set_write@@YAXE@Z     c0002f10 f   Hal:dma.obj
 0001:00002b20       ?dma_set_address@@YAXEEE@Z c0002f20 f   Hal:dma.obj
 0001:00002bb0       ?dma_set_count@@YAXEEE@Z   c0002fb0 f   Hal:dma.obj
 0001:00002c40       ?dma_mask_channel@@YAXE@Z  c0003040 f   Hal:dma.obj
 0001:00002c80       ?dma_unmask_channel@@YAXE@Z c0003080 f   Hal:dma.obj
 0001:00002cb0       ?dma_reset_flipflop@@YAXH@Z c00030b0 f   Hal:dma.obj
 0001:00002ce0       ?dma_reset@@YAXH@Z         c00030e0 f   Hal:dma.obj
 0001:00002cf0       ?dma_set_external_page_register@@YAXEE@Z c00030f0 f   Hal:dma.obj
 0001:00002d80       ?dma_unmask_all@@YAXH@Z    c0003180 f   Hal:dma.obj
 0001:00002da0       ?i86_cpu_initialize@@YAHXZ c00031a0 f   Hal:cpu.obj
 0001:00002dc0       ?i86_cpu_shutdown@@YAXXZ   c00031c0 f   Hal:cpu.obj
 0001:00002dd0       ?i86_cpu_get_vender@@YAPADXZ c00031d0 f   Hal:cpu.obj
 0001:00002e00       ?i86_cpu_flush_caches@@YAXXZ c0003200 f   Hal:cpu.obj
 0001:00002e10       ?i86_cpu_flush_caches_write@@YAXXZ c0003210 f   Hal:cpu.obj
 0001:00002e20       ?i86_cpu_flush_tlb_entry@@YAXI@Z c0003220 f   Hal:cpu.obj
 0001:00002e30       ?i86_pic_initialize@@YAXEE@Z c0003230 f   Hal:pic.obj
 0001:00002ea0       ?i86_pic_send_command@@YAXEE@Z c00032a0 f i Hal:pic.obj
 0001:00002ed0       ?i86_pit_send_command@@YAXE@Z c00032d0 f   Hal:pit.obj
 0001:00002ee0       ?i86_pit_send_data@@YAXGE@Z c00032e0 f   Hal:pit.obj
 0001:00002f20       ?i86_pit_read_data@@YAEG@Z c0003320 f   Hal:pit.obj
 0001:00002f50       ?i86_pit_set_tick_count@@YAII@Z c0003350 f   Hal:pit.obj
 0001:00002f60       ?i86_pit_get_tick_count@@YAIXZ c0003360 f   Hal:pit.obj
 0001:00002f70       ?i86_pit_start_counter@@YAXIEE@Z c0003370 f   Hal:pit.obj
 0001:00002fc0       ?i86_pit_initialize@@YAXXZ c00033c0 f   Hal:pit.obj
 0001:00002fe0       ?i86_pit_is_initialized@@YA_NXZ c00033e0 f   Hal:pit.obj
 0001:00002ff0       ?i86_pit_irq@@YAXXZ        c00033f0 f   Hal:pit.obj
 0001:00003010       ?i86_get_ir@@YAPAUidt_descriptor@@I@Z c0003410 f   Hal:idt.obj
 0001:00003030       ?i86_install_ir@@YAHIGGP6AXXZ@Z c0003430 f   Hal:idt.obj
 0001:00003080       ?i86_idt_initialize@@YAHG@Z c0003480 f   Hal:idt.obj
 0001:00003130       ?gdt_set_descriptor@@YAXI_K0EE@Z c0003530 f   Hal:gdt.obj
 0001:000031c0       ?i86_gdt_get_descriptor@@YAPAUgdt_descriptor@@H@Z c00035c0 f   Hal:gdt.obj
 0001:000031e0       ?i86_gdt_initialize@@YAHXZ c00035e0 f   Hal:gdt.obj
 0002:00000724       ??_C@_05HOBJIFPH@FAT12?$AA@ c0003f24     fat12:fat12.obj
 0003:00000000       ?__xc_a@@3PAP6AXXZA        c0004000     Lib:cstd.obj
 0003:00000004       ?__xc_z@@3PAP6AXXZA        c0004004     Lib:cstd.obj
 0003:00000008       ?video_memory@@3PAGA       c0004008     DebugDisplay.obj
 0003:0000000c       ?bchars@@3PADA             c000400c     DebugDisplay.obj
 0003:00000170       __fltused                  c0004170     Lib:cstd.obj
 0003:00000178       ?kernelSize@@3IA           c0004178     main.obj
 0003:00000184       ?cursor_x@@3EA             c0004184     DebugDisplay.obj
 0003:00000185       ?cursor_y@@3EA             c0004185     DebugDisplay.obj
 0003:00000186       ?_color@@3EA               c0004186     DebugDisplay.obj
 0003:00000188       ?tbuf@@3PADA               c0004188     DebugDisplay.obj
 0003:000001a8       ?_FileSystems@@3PAPAU_FILE_SYSTEM@@A c00041a8     fsys.obj
 0003:00000224       ?_cur_directory@@3PAUpdirectory@@A c0004224     mmngr_virtual.obj
 0003:00000228       ?_cur_pdbr@@3IA            c0004228     mmngr_virtual.obj
 0003:00000240       ?_MountInfo@@3U_MOUNT_INFO@@A c0004240     fat12:fat12.obj
 0003:0000025c       ?_FSysFat@@3U_FILE_SYSTEM@@A c000425c     fat12:fat12.obj
 0003:00000278       ?FAT@@3PAEA                c0004278     fat12:fat12.obj

 entry point at        0000:00000000

 Static symbols

 0001:00000864       $LN72                      c0000c64     DebugDisplay.obj
 0001:00000878       $LN65                      c0000c78     DebugDisplay.obj
 0001:000013d8       $LN36                      c00017d8     keyboard:kybrd.obj
 0001:00001400       $LN37                      c0001800     keyboard:kybrd.obj
 0001:00001430       $LN35                      c0001830     keyboard:kybrd.obj
 0001:00001608       $LN34                      c0001a08     keyboard:kybrd.obj
 0001:00001624       $LN35                      c0001a24     keyboard:kybrd.obj
 0001:00001638       $LN32                      c0001a38     keyboard:kybrd.obj
 0001:000018d4       $LN18                      c0001cd4     floppydisk:flpydsk.obj
 0001:00001ae4       $LN142                     c0001ee4     floppydisk:flpydsk.obj
 0001:0000216c       $LN37                      c000256c     floppydisk:flpydsk.obj
 0001:00002b88       $LN15                      c0002f88     Hal:dma.obj
 0001:00002c1c       $LN15                      c000301c     Hal:dma.obj
 0001:00002d60       $LN15                      c0003160     Hal:dma.obj
 0001:00003110       ?idt_install@@YAXXZ        c0003510 f   Hal:idt.obj
 0001:00003120       ?i86_default_handler@@YAXXZ c0003520 f   Hal:idt.obj
 0001:00003270       ?gdt_install@@YAXXZ        c0003670 f   Hal:gdt.obj
 0002:00000000       $SG2640                    c0003800     entry.obj
 0002:00000038       $SG3313                    c0003838     main.obj
 0002:00000048       $SG3337                    c0003848     main.obj
 0002:0000008c       $SG3341                    c000388c     main.obj
 0002:000000a4       $SG3343                    c00038a4     main.obj
 0002:000000d0       $SG3344                    c00038d0     main.obj
 0002:000000e8       $SG3354                    c00038e8     main.obj
 0002:00000110       $SG3355                    c0003910     main.obj
 0002:00000114       $SG3356                    c0003914     main.obj
 0002:00000130       $SG3361                    c0003930     main.obj
 0002:00000138       $SG3364                    c0003938     main.obj
 0002:0000013c       $SG3367                    c000393c     main.obj
 0002:00000144       $SG3368                    c0003944     main.obj
 0002:00000170       $SG3369                    c0003970     main.obj
 0002:00000188       $SG3370                    c0003988     main.obj
 0002:000001b0       $SG3371                    c00039b0     main.obj
 0002:000001cc       $SG3372                    c00039cc     main.obj
 0002:000001ec       $SG3373                    c00039ec     main.obj
 0002:00000204       $SG3374                    c0003a04     main.obj
 0002:0000023c       $SG3377                    c0003a3c     main.obj
 0002:00000244       $SG3379                    c0003a44     main.obj
 0002:00000254       $SG3390                    c0003a54     main.obj
 0002:00000278       $SG3391                    c0003a78     main.obj
 0002:000002b0       $SG3392                    c0003ab0     main.obj
 0002:000002ec       $SG3393                    c0003aec     main.obj
 0002:00000310       $SG2728                    c0003b10     exception.obj
 0002:00000358       $SG2737                    c0003b58     exception.obj
 0002:00000364       $SG2746                    c0003b64     exception.obj
 0002:00000370       $SG2755                    c0003b70     exception.obj
 0002:00000380       $SG2764                    c0003b80     exception.obj
 0002:00000390       $SG2773                    c0003b90     exception.obj
 0002:000003a4       $SG2782                    c0003ba4     exception.obj
 0002:000003b4       $SG2791                    c0003bb4     exception.obj
 0002:000003c8       $SG2801                    c0003bc8     exception.obj
 0002:000003d8       $SG2811                    c0003bd8     exception.obj
 0002:000003e4       $SG2821                    c0003be4     exception.obj
 0002:000003f4       $SG2831                    c0003bf4     exception.obj
 0002:00000400       $SG2841                    c0003c00     exception.obj
 0002:0000041c       $SG2856                    c0003c1c     exception.obj
 0002:00000428       $SG2866                    c0003c28     exception.obj
 0002:00000438       $SG2875                    c0003c38     exception.obj
 0002:00000448       $SG2884                    c0003c48     exception.obj
 0002:00000458       $SG2689                    c0003c58     panic.obj
 0002:000005f0       $SG2700                    c0003df0     panic.obj
 0002:00000714       $SG2701                    c0003f14     panic.obj
 0003:0000001c       _sickpc                    c000401c     panic.obj
 0003:00000020       __kkybrd_scancode_std      c0004020     keyboard:kybrd.obj
 0003:0000016c       _max_atexitlist_entries    c000416c     Lib:cstd.obj
 0003:0000017c       ?ticks@?1??sleep@@YAXH@Z@4HA c000417c     main.obj
 0003:00000180       ?$S1@?1??sleep@@YAXH@Z@4IA c0004180     main.obj
 0003:00000210       ?i@?1??volRegisterFileSystem@@YAXPAU_FILE_SYSTEM@@I@Z@4HA c0004210     fsys.obj
 0003:00000214       __mmngr_memory_size        c0004214     mmngr_phys.obj
 0003:00000218       __mmngr_used_blocks        c0004218     mmngr_phys.obj
 0003:0000021c       __mmngr_max_blocks         c000421c     mmngr_phys.obj
 0003:00000220       __mmngr_memory_map         c0004220     mmngr_phys.obj
 0003:0000022c       __ctrl                     c000422c     keyboard:kybrd.obj
 0003:0000022d       __scancode                 c000422d     keyboard:kybrd.obj
 0003:0000022e       __alt                      c000422e     keyboard:kybrd.obj
 0003:0000022f       __capslock                 c000422f     keyboard:kybrd.obj
 0003:00000230       __shift                    c0004230     keyboard:kybrd.obj
 0003:00000231       __numlock                  c0004231     keyboard:kybrd.obj
 0003:00000232       __scrolllock               c0004232     keyboard:kybrd.obj
 0003:00000233       __kkybrd_bat_res           c0004233     keyboard:kybrd.obj
 0003:00000234       __kkybrd_error             c0004234     keyboard:kybrd.obj
 0003:00000238       __kkybrd_diag_res          c0004238     keyboard:kybrd.obj
 0003:00000239       __kkybrd_resend_res        c0004239     keyboard:kybrd.obj
 0003:0000023a       __kkybrd_disable           c000423a     keyboard:kybrd.obj
 0003:0000023b       ?_extended@?1??i86_kybrd_irq@@YAXXZ@4_NA c000423b     keyboard:kybrd.obj
 0003:0000023c       __CurrentDrive             c000423c     floppydisk:flpydsk.obj
 0003:0000023d       __FloppyDiskIRQ            c000423d     floppydisk:flpydsk.obj
 0003:00000678       _pf_atexitlist             c0004678     Lib:cstd.obj
 0003:0000067c       _cur_atexitlist_entries    c000467c     Lib:cstd.obj
 0003:00000680       ?vender@?1??i86_cpu_get_vender@@YAPADXZ@4PADA c0004680     Hal:cpu.obj
 0003:000006a0       __pit_ticks                c00046a0     Hal:pit.obj
 0003:000006a4       __pit_bIsInit              c00046a4     Hal:pit.obj
 0003:000006a8       __idt                      c00046a8     Hal:idt.obj
 0003:00000ea8       __idtr                     c0004ea8     Hal:idt.obj
 0003:00000eb0       __gdt                      c0004eb0     Hal:gdt.obj
 0003:00000ec8       __gdtr                     c0004ec8     Hal:gdt.obj
 0004:00000060       $R000000                   c0005060     Resource.res
